""" This is a doctest module with tests for 0-add_integer

>>> add_integer = __import__('0-add_integer').add_integer
>>> add_integer(4, 98)
102

>>> add_integer(-1, 0)
-1

>>> add_integer(5)
103

>>> add_integer(5.3, -5)
0

>>> add_integer(1.7976931348623157e+308, 1.7976931348623157e+308)
Traceback (most recent call last):
OverflowError: int too large to convert to float

"""
