""" This is a doctest module with tests for 0-add_integer

>>> add_integer = __import__('0-add_integer').add_integer
>>> add_integer(4, 98)
102

>>> add_integer(-1, 0)
-1

>>> add_integer(5)
103

>>> add_integer(5.3, -5)
0

>>> add_integer(1.7976931348623157e+308, 1.7976931348623157e+308)
359538626972463141629054847463408713596141135051689993197834953606314521560057077521179117265533756343080917907028764928468642653778928365536935093407075033972099821153102564152490980180778657888151737016910267884609166473806445896331617118664246696549595652408289446337476354361838599762500808052368249716736

>>> add_integer('nan')
Traceback (most recent call last):
...
TypeError: a must be an integer

>>> add_integer(None)
Traceback (most recent call last):
...
TypeError: a must be an integer

>>> add_integer('nan')
Traceback (most recent call last):
...
ValueError: Cannot convert float NaN to integer

"""
