""" This is a doctest module with tests for 0-add_integer

>>> add_integer = __import__('0-add_integer').add_integer
>>> add_integer(4, 98)
102
>>> add_integer(0, 0)
0
>>> add_integer(0, )
98
>>> add_integer('2', '3')
Trackback (most recent call last):
...
TypeError: unsupported operand type(s) for +: 'str' and 'str'


"""
