""" This is a doctest module with tests for 0-add_integer

>>> add_integer = __import__('0-add_integer').add_integer
>>> add_integer(4, 98)
102
>>> add_integer('asdf', 98)
Traceback (most recent call last):
TypeError: a must be an integer
>>> add_integer()
98
>>> add_integer( , 98)

"""
